mode: set
github.com/thousandflowers/qr-multi-imgs/scanner/npy.go:20.49,22.16 2 1
github.com/thousandflowers/qr-multi-imgs/scanner/npy.go:22.16,24.3 1 1
github.com/thousandflowers/qr-multi-imgs/scanner/npy.go:25.2,25.20 1 1
github.com/thousandflowers/qr-multi-imgs/scanner/npy.go:25.20,27.3 1 1
github.com/thousandflowers/qr-multi-imgs/scanner/npy.go:28.2,28.38 1 1
github.com/thousandflowers/qr-multi-imgs/scanner/npy.go:28.38,30.3 1 1
github.com/thousandflowers/qr-multi-imgs/scanner/npy.go:31.2,31.18 1 1
github.com/thousandflowers/qr-multi-imgs/scanner/npy.go:31.18,33.3 1 1
github.com/thousandflowers/qr-multi-imgs/scanner/npy.go:35.2,36.27 2 1
github.com/thousandflowers/qr-multi-imgs/scanner/npy.go:36.27,38.3 1 1
github.com/thousandflowers/qr-multi-imgs/scanner/npy.go:40.2,42.61 3 1
github.com/thousandflowers/qr-multi-imgs/scanner/npy.go:42.61,44.3 1 1
github.com/thousandflowers/qr-multi-imgs/scanner/npy.go:45.2,45.25 1 1
github.com/thousandflowers/qr-multi-imgs/scanner/npy.go:45.25,47.3 1 0
github.com/thousandflowers/qr-multi-imgs/scanner/npy.go:49.2,53.24 4 1
github.com/thousandflowers/qr-multi-imgs/scanner/npy.go:53.24,55.29 2 1
github.com/thousandflowers/qr-multi-imgs/scanner/npy.go:55.29,57.24 2 1
github.com/thousandflowers/qr-multi-imgs/scanner/npy.go:57.24,59.5 1 1
github.com/thousandflowers/qr-multi-imgs/scanner/npy.go:59.10,61.5 1 1
github.com/thousandflowers/qr-multi-imgs/scanner/npy.go:62.4,62.32 1 1
github.com/thousandflowers/qr-multi-imgs/scanner/npy.go:65.2,65.20 1 1
github.com/thousandflowers/qr-multi-imgs/scanner/npy.go:70.36,78.22 8 1
github.com/thousandflowers/qr-multi-imgs/scanner/npy.go:78.22,79.16 1 1
github.com/thousandflowers/qr-multi-imgs/scanner/npy.go:79.16,81.4 1 1
github.com/thousandflowers/qr-multi-imgs/scanner/npy.go:81.9,82.16 1 1
github.com/thousandflowers/qr-multi-imgs/scanner/npy.go:82.16,84.5 1 0
github.com/thousandflowers/qr-multi-imgs/scanner/npy.go:85.4,85.18 1 1
github.com/thousandflowers/qr-multi-imgs/scanner/npy.go:88.2,89.48 2 1
github.com/thousandflowers/qr-multi-imgs/scanner/npy.go:89.48,91.35 2 1
github.com/thousandflowers/qr-multi-imgs/scanner/npy.go:91.35,93.4 1 1
github.com/thousandflowers/qr-multi-imgs/scanner/npy.go:95.2,95.10 1 1
github.com/thousandflowers/qr-multi-imgs/scanner/npy.go:100.55,106.25 5 1
github.com/thousandflowers/qr-multi-imgs/scanner/npy.go:106.25,108.3 1 1
github.com/thousandflowers/qr-multi-imgs/scanner/npy.go:110.2,110.28 1 1
github.com/thousandflowers/qr-multi-imgs/scanner/npy.go:110.28,111.29 1 1
github.com/thousandflowers/qr-multi-imgs/scanner/npy.go:111.29,112.21 1 1
github.com/thousandflowers/qr-multi-imgs/scanner/npy.go:112.21,113.13 1 1
github.com/thousandflowers/qr-multi-imgs/scanner/npy.go:115.4,117.34 3 1
github.com/thousandflowers/qr-multi-imgs/scanner/npy.go:117.34,119.25 2 1
github.com/thousandflowers/qr-multi-imgs/scanner/npy.go:119.25,121.6 1 1
github.com/thousandflowers/qr-multi-imgs/scanner/npy.go:125.2,125.12 1 1
github.com/thousandflowers/qr-multi-imgs/scanner/scanner.go:52.30,54.11 2 1
github.com/thousandflowers/qr-multi-imgs/scanner/scanner.go:54.11,56.3 1 1
github.com/thousandflowers/qr-multi-imgs/scanner/scanner.go:57.2,57.10 1 1
github.com/thousandflowers/qr-multi-imgs/scanner/scanner.go:61.47,65.16 3 1
github.com/thousandflowers/qr-multi-imgs/scanner/scanner.go:65.16,67.3 1 1
github.com/thousandflowers/qr-multi-imgs/scanner/scanner.go:68.2,68.19 1 1
github.com/thousandflowers/qr-multi-imgs/scanner/scanner.go:68.19,70.3 1 1
github.com/thousandflowers/qr-multi-imgs/scanner/scanner.go:72.2,73.16 2 1
github.com/thousandflowers/qr-multi-imgs/scanner/scanner.go:73.16,75.3 1 1
github.com/thousandflowers/qr-multi-imgs/scanner/scanner.go:77.2,86.24 5 1
github.com/thousandflowers/qr-multi-imgs/scanner/scanner.go:86.24,88.13 2 1
github.com/thousandflowers/qr-multi-imgs/scanner/scanner.go:88.13,90.24 2 1
github.com/thousandflowers/qr-multi-imgs/scanner/scanner.go:90.24,93.19 3 1
github.com/thousandflowers/qr-multi-imgs/scanner/scanner.go:93.19,95.6 1 1
github.com/thousandflowers/qr-multi-imgs/scanner/scanner.go:95.11,95.33 1 1
github.com/thousandflowers/qr-multi-imgs/scanner/scanner.go:95.33,98.6 2 1
github.com/thousandflowers/qr-multi-imgs/scanner/scanner.go:99.5,99.17 1 1
github.com/thousandflowers/qr-multi-imgs/scanner/scanner.go:104.2,104.32 1 1
github.com/thousandflowers/qr-multi-imgs/scanner/scanner.go:104.32,105.20 1 1
github.com/thousandflowers/qr-multi-imgs/scanner/scanner.go:105.20,106.12 1 1
github.com/thousandflowers/qr-multi-imgs/scanner/scanner.go:108.3,109.32 2 1
github.com/thousandflowers/qr-multi-imgs/scanner/scanner.go:109.32,110.12 1 1
github.com/thousandflowers/qr-multi-imgs/scanner/scanner.go:112.3,113.17 2 1
github.com/thousandflowers/qr-multi-imgs/scanner/scanner.go:113.17,114.12 1 0
github.com/thousandflowers/qr-multi-imgs/scanner/scanner.go:116.3,116.62 1 1
github.com/thousandflowers/qr-multi-imgs/scanner/scanner.go:118.2,120.12 2 1
github.com/thousandflowers/qr-multi-imgs/scanner/scanner.go:120.12,123.3 2 1
github.com/thousandflowers/qr-multi-imgs/scanner/scanner.go:125.2,126.25 2 1
github.com/thousandflowers/qr-multi-imgs/scanner/scanner.go:126.25,128.3 1 1
github.com/thousandflowers/qr-multi-imgs/scanner/scanner.go:130.2,136.25 2 1
github.com/thousandflowers/qr-multi-imgs/scanner/scanner.go:136.25,137.10 1 1
github.com/thousandflowers/qr-multi-imgs/scanner/scanner.go:138.16,139.14 1 1
github.com/thousandflowers/qr-multi-imgs/scanner/scanner.go:140.22,141.14 1 1
github.com/thousandflowers/qr-multi-imgs/scanner/scanner.go:142.11,143.17 1 1
github.com/thousandflowers/qr-multi-imgs/scanner/scanner.go:145.3,145.28 1 1
github.com/thousandflowers/qr-multi-imgs/scanner/scanner.go:148.2,148.44 1 1
github.com/thousandflowers/qr-multi-imgs/scanner/scanner.go:148.44,149.47 1 1
github.com/thousandflowers/qr-multi-imgs/scanner/scanner.go:149.47,151.4 1 1
github.com/thousandflowers/qr-multi-imgs/scanner/scanner.go:152.3,152.55 1 0
github.com/thousandflowers/qr-multi-imgs/scanner/scanner.go:155.2,155.15 1 1
github.com/thousandflowers/qr-multi-imgs/scanner/scanner.go:160.71,162.15 2 1
github.com/thousandflowers/qr-multi-imgs/scanner/scanner.go:162.15,164.3 1 1
github.com/thousandflowers/qr-multi-imgs/scanner/scanner.go:166.2,167.15 2 1
github.com/thousandflowers/qr-multi-imgs/scanner/scanner.go:167.15,171.3 3 1
github.com/thousandflowers/qr-multi-imgs/scanner/scanner.go:171.8,173.3 1 1
github.com/thousandflowers/qr-multi-imgs/scanner/scanner.go:174.2,174.16 1 1
github.com/thousandflowers/qr-multi-imgs/scanner/scanner.go:174.16,176.3 1 0
github.com/thousandflowers/qr-multi-imgs/scanner/scanner.go:178.2,183.33 4 1
github.com/thousandflowers/qr-multi-imgs/scanner/scanner.go:183.33,185.3 1 1
github.com/thousandflowers/qr-multi-imgs/scanner/scanner.go:186.2,186.25 1 1
github.com/thousandflowers/qr-multi-imgs/scanner/scanner.go:190.68,194.25 4 1
github.com/thousandflowers/qr-multi-imgs/scanner/scanner.go:194.25,195.26 1 1
github.com/thousandflowers/qr-multi-imgs/scanner/scanner.go:195.26,197.4 1 1
github.com/thousandflowers/qr-multi-imgs/scanner/scanner.go:199.2,199.12 1 1
github.com/thousandflowers/qr-multi-imgs/scanner/scanner.go:210.41,212.52 2 1
github.com/thousandflowers/qr-multi-imgs/scanner/scanner.go:212.52,214.3 1 1
github.com/thousandflowers/qr-multi-imgs/scanner/scanner.go:215.2,216.16 2 0
github.com/thousandflowers/qr-multi-imgs/scanner/scanner.go:216.16,218.3 1 0
github.com/thousandflowers/qr-multi-imgs/scanner/scanner.go:220.2,223.46 3 0
github.com/thousandflowers/qr-multi-imgs/scanner/scanner.go:223.46,225.3 1 0
github.com/thousandflowers/qr-multi-imgs/scanner/scanner.go:227.2,230.33 4 0
github.com/thousandflowers/qr-multi-imgs/scanner/scanner.go:230.33,232.3 1 0
github.com/thousandflowers/qr-multi-imgs/scanner/scanner.go:233.2,233.47 1 0
github.com/thousandflowers/qr-multi-imgs/scanner/scanner.go:237.47,239.16 2 1
github.com/thousandflowers/qr-multi-imgs/scanner/scanner.go:239.16,241.3 1 1
github.com/thousandflowers/qr-multi-imgs/scanner/scanner.go:242.2,245.16 3 1
github.com/thousandflowers/qr-multi-imgs/scanner/scanner.go:245.16,247.3 1 1
github.com/thousandflowers/qr-multi-imgs/scanner/scanner.go:249.2,249.31 1 1
github.com/thousandflowers/qr-multi-imgs/scanner/scanner.go:249.31,253.17 4 1
github.com/thousandflowers/qr-multi-imgs/scanner/scanner.go:253.17,255.4 1 1
github.com/thousandflowers/qr-multi-imgs/scanner/scanner.go:258.2,258.46 1 1
github.com/thousandflowers/qr-multi-imgs/scanner/scanner.go:258.46,260.3 1 0
github.com/thousandflowers/qr-multi-imgs/scanner/scanner.go:262.2,262.17 1 1
github.com/thousandflowers/qr-multi-imgs/scanner/scanner.go:266.34,267.9 1 1
github.com/thousandflowers/qr-multi-imgs/scanner/scanner.go:268.18,269.59 1 1
github.com/thousandflowers/qr-multi-imgs/scanner/scanner.go:270.18,271.59 1 1
github.com/thousandflowers/qr-multi-imgs/scanner/scanner.go:272.18,273.59 1 1
github.com/thousandflowers/qr-multi-imgs/scanner/scanner.go:274.10,275.32 1 1
github.com/thousandflowers/qr-multi-imgs/exporter/exporter.go:35.98,40.16 4 1
github.com/thousandflowers/qr-multi-imgs/exporter/exporter.go:41.18,42.36 1 1
github.com/thousandflowers/qr-multi-imgs/exporter/exporter.go:43.17,44.35 1 1
github.com/thousandflowers/qr-multi-imgs/exporter/exporter.go:45.17,46.35 1 1
github.com/thousandflowers/qr-multi-imgs/exporter/exporter.go:47.10,48.64 1 1
github.com/thousandflowers/qr-multi-imgs/exporter/exporter.go:50.2,50.16 1 1
github.com/thousandflowers/qr-multi-imgs/exporter/exporter.go:50.16,52.3 1 1
github.com/thousandflowers/qr-multi-imgs/exporter/exporter.go:53.2,53.21 1 1
github.com/thousandflowers/qr-multi-imgs/exporter/exporter.go:56.65,58.16 2 1
github.com/thousandflowers/qr-multi-imgs/exporter/exporter.go:58.16,60.3 1 1
github.com/thousandflowers/qr-multi-imgs/exporter/exporter.go:61.2,65.28 4 1
github.com/thousandflowers/qr-multi-imgs/exporter/exporter.go:68.64,70.16 2 1
github.com/thousandflowers/qr-multi-imgs/exporter/exporter.go:70.16,72.3 1 1
github.com/thousandflowers/qr-multi-imgs/exporter/exporter.go:73.2,78.28 4 1
github.com/thousandflowers/qr-multi-imgs/exporter/exporter.go:78.28,86.3 1 1
github.com/thousandflowers/qr-multi-imgs/exporter/exporter.go:89.2,90.18 2 1
github.com/thousandflowers/qr-multi-imgs/exporter/exporter.go:93.64,95.16 2 1
github.com/thousandflowers/qr-multi-imgs/exporter/exporter.go:95.16,97.3 1 1
github.com/thousandflowers/qr-multi-imgs/exporter/exporter.go:98.2,100.28 2 1
github.com/thousandflowers/qr-multi-imgs/exporter/exporter.go:100.28,102.10 2 1
github.com/thousandflowers/qr-multi-imgs/exporter/exporter.go:103.16,104.20 1 1
github.com/thousandflowers/qr-multi-imgs/exporter/exporter.go:105.22,106.20 1 1
github.com/thousandflowers/qr-multi-imgs/exporter/exporter.go:107.11,108.20 1 1
github.com/thousandflowers/qr-multi-imgs/exporter/exporter.go:110.3,111.26 2 1
github.com/thousandflowers/qr-multi-imgs/exporter/exporter.go:111.26,112.33 1 1
github.com/thousandflowers/qr-multi-imgs/exporter/exporter.go:112.33,114.5 1 1
github.com/thousandflowers/qr-multi-imgs/exporter/exporter.go:116.3,116.20 1 1
github.com/thousandflowers/qr-multi-imgs/exporter/exporter.go:116.20,118.4 1 1
github.com/thousandflowers/qr-multi-imgs/exporter/exporter.go:120.2,120.12 1 1
github.com/thousandflowers/qr-multi-imgs/exporter/exporter.go:133.52,135.2 1 1
github.com/thousandflowers/qr-multi-imgs/exporter/exporter.go:137.79,138.16 1 1
github.com/thousandflowers/qr-multi-imgs/exporter/exporter.go:139.45,139.45 0 1
github.com/thousandflowers/qr-multi-imgs/exporter/exporter.go:140.10,141.56 1 1
github.com/thousandflowers/qr-multi-imgs/exporter/exporter.go:144.2,151.16 4 1
github.com/thousandflowers/qr-multi-imgs/exporter/exporter.go:151.16,153.3 1 1
github.com/thousandflowers/qr-multi-imgs/exporter/exporter.go:155.2,155.27 1 1
github.com/thousandflowers/qr-multi-imgs/exporter/exporter.go:155.27,157.3 1 1
github.com/thousandflowers/qr-multi-imgs/exporter/exporter.go:159.2,159.56 1 1
github.com/thousandflowers/qr-multi-imgs/exporter/exporter.go:162.99,167.25 4 1
github.com/thousandflowers/qr-multi-imgs/exporter/exporter.go:167.25,168.26 1 1
github.com/thousandflowers/qr-multi-imgs/exporter/exporter.go:168.26,169.27 1 1
github.com/thousandflowers/qr-multi-imgs/exporter/exporter.go:169.27,171.5 1 1
github.com/thousandflowers/qr-multi-imgs/exporter/exporter.go:171.10,173.5 1 1
github.com/thousandflowers/qr-multi-imgs/exporter/exporter.go:177.2,178.16 2 1
github.com/thousandflowers/qr-multi-imgs/exporter/exporter.go:178.16,180.3 1 1
github.com/thousandflowers/qr-multi-imgs/exporter/exporter.go:181.2,183.16 2 1
github.com/thousandflowers/qr-multi-imgs/exporter/exporter.go:184.19,185.57 1 1
github.com/thousandflowers/qr-multi-imgs/exporter/exporter.go:186.10,187.28 1 1
github.com/thousandflowers/qr-multi-imgs/exporter/exporter.go:191.85,201.37 6 1
github.com/thousandflowers/qr-multi-imgs/exporter/exporter.go:201.37,202.38 1 1
github.com/thousandflowers/qr-multi-imgs/exporter/exporter.go:202.38,203.27 1 1
github.com/thousandflowers/qr-multi-imgs/exporter/exporter.go:203.27,206.5 1 1
github.com/thousandflowers/qr-multi-imgs/exporter/exporter.go:209.2,211.52 2 1
github.com/thousandflowers/qr-multi-imgs/clipboard_darwin.go:13.30,14.24 1 1
github.com/thousandflowers/qr-multi-imgs/clipboard_darwin.go:14.24,16.17 2 0
github.com/thousandflowers/qr-multi-imgs/clipboard_darwin.go:16.17,18.4 1 0
github.com/thousandflowers/qr-multi-imgs/clipboard_darwin.go:19.3,20.17 2 0
github.com/thousandflowers/qr-multi-imgs/clipboard_darwin.go:20.17,22.4 1 0
github.com/thousandflowers/qr-multi-imgs/clipboard_darwin.go:23.3,23.34 1 0
github.com/thousandflowers/qr-multi-imgs/diskcheck_unix.go:13.52,15.52 2 0
github.com/thousandflowers/qr-multi-imgs/diskcheck_unix.go:15.52,17.3 1 0
github.com/thousandflowers/qr-multi-imgs/diskcheck_unix.go:18.2,19.24 2 0
github.com/thousandflowers/qr-multi-imgs/diskcheck_unix.go:19.24,24.3 1 0
github.com/thousandflowers/qr-multi-imgs/diskcheck_unix.go:25.2,25.12 1 0
github.com/thousandflowers/qr-multi-imgs/main.go:64.31,66.29 2 1
github.com/thousandflowers/qr-multi-imgs/main.go:66.29,68.3 1 1
github.com/thousandflowers/qr-multi-imgs/main.go:69.2,69.27 1 1
github.com/thousandflowers/qr-multi-imgs/main.go:81.41,82.30 1 1
github.com/thousandflowers/qr-multi-imgs/main.go:82.30,83.16 1 1
github.com/thousandflowers/qr-multi-imgs/main.go:83.16,84.32 1 1
github.com/thousandflowers/qr-multi-imgs/main.go:84.32,86.5 1 1
github.com/thousandflowers/qr-multi-imgs/main.go:88.3,89.9 2 1
github.com/thousandflowers/qr-multi-imgs/main.go:94.42,96.16 2 1
github.com/thousandflowers/qr-multi-imgs/main.go:96.16,97.37 1 1
github.com/thousandflowers/qr-multi-imgs/main.go:97.37,99.4 1 1
github.com/thousandflowers/qr-multi-imgs/main.go:100.3,100.39 1 0
github.com/thousandflowers/qr-multi-imgs/main.go:100.39,102.4 1 0
github.com/thousandflowers/qr-multi-imgs/main.go:103.3,103.55 1 0
github.com/thousandflowers/qr-multi-imgs/main.go:105.2,105.19 1 1
github.com/thousandflowers/qr-multi-imgs/main.go:105.19,107.3 1 1
github.com/thousandflowers/qr-multi-imgs/main.go:108.2,109.16 2 1
github.com/thousandflowers/qr-multi-imgs/main.go:109.16,111.3 1 1
github.com/thousandflowers/qr-multi-imgs/main.go:112.2,113.12 2 1
github.com/thousandflowers/qr-multi-imgs/main.go:117.40,120.16 3 1
github.com/thousandflowers/qr-multi-imgs/main.go:120.16,122.3 1 1
github.com/thousandflowers/qr-multi-imgs/main.go:123.2,125.12 3 1
github.com/thousandflowers/qr-multi-imgs/main.go:129.46,131.15 2 1
github.com/thousandflowers/qr-multi-imgs/main.go:131.15,133.3 1 1
github.com/thousandflowers/qr-multi-imgs/main.go:134.2,135.33 2 1
github.com/thousandflowers/qr-multi-imgs/main.go:135.33,137.17 2 1
github.com/thousandflowers/qr-multi-imgs/main.go:137.17,139.4 1 0
github.com/thousandflowers/qr-multi-imgs/main.go:140.3,140.17 1 1
github.com/thousandflowers/qr-multi-imgs/main.go:140.17,142.4 1 1
github.com/thousandflowers/qr-multi-imgs/main.go:142.9,144.4 1 1
github.com/thousandflowers/qr-multi-imgs/main.go:146.2,147.26 2 1
github.com/thousandflowers/qr-multi-imgs/main.go:147.26,149.17 2 1
github.com/thousandflowers/qr-multi-imgs/main.go:149.17,151.4 1 0
github.com/thousandflowers/qr-multi-imgs/main.go:152.3,152.18 1 1
github.com/thousandflowers/qr-multi-imgs/main.go:154.2,154.17 1 1
github.com/thousandflowers/qr-multi-imgs/main.go:159.57,160.27 1 1
github.com/thousandflowers/qr-multi-imgs/main.go:161.25,164.16 3 1
github.com/thousandflowers/qr-multi-imgs/main.go:166.18,167.17 1 1
github.com/thousandflowers/qr-multi-imgs/main.go:168.24,169.35 1 0
github.com/thousandflowers/qr-multi-imgs/main.go:170.20,171.31 1 0
github.com/thousandflowers/qr-multi-imgs/main.go:172.17,173.28 1 1
github.com/thousandflowers/qr-multi-imgs/main.go:174.25,175.36 1 1
github.com/thousandflowers/qr-multi-imgs/main.go:176.21,177.32 1 1
github.com/thousandflowers/qr-multi-imgs/main.go:178.28,179.28 1 1
github.com/thousandflowers/qr-multi-imgs/main.go:180.20,181.17 1 1
github.com/thousandflowers/qr-multi-imgs/main.go:184.23,188.16 4 1
github.com/thousandflowers/qr-multi-imgs/main.go:190.21,193.16 3 1
github.com/thousandflowers/qr-multi-imgs/main.go:195.22,198.16 3 1
github.com/thousandflowers/qr-multi-imgs/main.go:200.16,204.16 3 1
github.com/thousandflowers/qr-multi-imgs/main.go:206.20,207.32 1 1
github.com/thousandflowers/qr-multi-imgs/main.go:207.32,210.4 2 1
github.com/thousandflowers/qr-multi-imgs/main.go:211.3,211.16 1 1
github.com/thousandflowers/qr-multi-imgs/main.go:214.2,214.28 1 1
github.com/thousandflowers/qr-multi-imgs/main.go:214.28,218.3 3 1
github.com/thousandflowers/qr-multi-imgs/main.go:220.2,220.15 1 1
github.com/thousandflowers/qr-multi-imgs/main.go:225.71,226.18 1 1
github.com/thousandflowers/qr-multi-imgs/main.go:227.20,230.17 3 1
github.com/thousandflowers/qr-multi-imgs/main.go:230.17,234.4 3 0
github.com/thousandflowers/qr-multi-imgs/main.go:235.3,236.48 2 1
github.com/thousandflowers/qr-multi-imgs/main.go:236.48,240.4 3 1
github.com/thousandflowers/qr-multi-imgs/main.go:241.3,242.38 2 1
github.com/thousandflowers/qr-multi-imgs/main.go:244.35,245.21 1 1
github.com/thousandflowers/qr-multi-imgs/main.go:247.20,248.28 1 1
github.com/thousandflowers/qr-multi-imgs/main.go:250.10,253.16 3 1
github.com/thousandflowers/qr-multi-imgs/main.go:259.67,260.18 1 1
github.com/thousandflowers/qr-multi-imgs/main.go:261.34,262.19 1 1
github.com/thousandflowers/qr-multi-imgs/main.go:262.19,264.4 1 1
github.com/thousandflowers/qr-multi-imgs/main.go:265.3,265.16 1 1
github.com/thousandflowers/qr-multi-imgs/main.go:267.31,268.19 1 1
github.com/thousandflowers/qr-multi-imgs/main.go:268.19,270.4 1 1
github.com/thousandflowers/qr-multi-imgs/main.go:271.3,271.16 1 1
github.com/thousandflowers/qr-multi-imgs/main.go:273.20,274.35 1 1
github.com/thousandflowers/qr-multi-imgs/main.go:276.20,277.21 1 1
github.com/thousandflowers/qr-multi-imgs/main.go:279.2,279.15 1 1
github.com/thousandflowers/qr-multi-imgs/main.go:282.60,283.13 1 1
github.com/thousandflowers/qr-multi-imgs/main.go:284.9,287.16 3 1
github.com/thousandflowers/qr-multi-imgs/main.go:289.9,292.16 3 1
github.com/thousandflowers/qr-multi-imgs/main.go:294.9,295.31 1 1
github.com/thousandflowers/qr-multi-imgs/main.go:295.31,299.4 3 1
github.com/thousandflowers/qr-multi-imgs/main.go:300.3,301.46 2 1
github.com/thousandflowers/qr-multi-imgs/main.go:301.46,305.4 3 1
github.com/thousandflowers/qr-multi-imgs/main.go:306.3,307.48 2 1
github.com/thousandflowers/qr-multi-imgs/main.go:309.9,311.46 2 1
github.com/thousandflowers/qr-multi-imgs/main.go:311.46,315.4 3 1
github.com/thousandflowers/qr-multi-imgs/main.go:316.3,317.45 2 1
github.com/thousandflowers/qr-multi-imgs/main.go:319.9,320.28 1 1
github.com/thousandflowers/qr-multi-imgs/main.go:320.28,324.4 3 1
github.com/thousandflowers/qr-multi-imgs/main.go:325.3,327.16 3 1
github.com/thousandflowers/qr-multi-imgs/main.go:329.9,333.16 4 1
github.com/thousandflowers/qr-multi-imgs/main.go:335.9,336.21 1 1
github.com/thousandflowers/qr-multi-imgs/main.go:338.2,338.15 1 1
github.com/thousandflowers/qr-multi-imgs/main.go:343.64,344.18 1 1
github.com/thousandflowers/qr-multi-imgs/main.go:345.17,346.19 1 1
github.com/thousandflowers/qr-multi-imgs/main.go:346.19,348.4 1 1
github.com/thousandflowers/qr-multi-imgs/main.go:349.3,349.16 1 1
github.com/thousandflowers/qr-multi-imgs/main.go:350.19,351.42 1 1
github.com/thousandflowers/qr-multi-imgs/main.go:351.42,353.4 1 1
github.com/thousandflowers/qr-multi-imgs/main.go:354.3,354.16 1 1
github.com/thousandflowers/qr-multi-imgs/main.go:355.39,357.16 2 1
github.com/thousandflowers/qr-multi-imgs/main.go:358.20,359.21 1 1
github.com/thousandflowers/qr-multi-imgs/main.go:361.2,361.15 1 1
github.com/thousandflowers/qr-multi-imgs/main.go:366.68,367.18 1 1
github.com/thousandflowers/qr-multi-imgs/main.go:368.17,369.19 1 1
github.com/thousandflowers/qr-multi-imgs/main.go:369.19,371.4 1 1
github.com/thousandflowers/qr-multi-imgs/main.go:372.3,372.16 1 1
github.com/thousandflowers/qr-multi-imgs/main.go:373.19,374.19 1 1
github.com/thousandflowers/qr-multi-imgs/main.go:374.19,376.4 1 1
github.com/thousandflowers/qr-multi-imgs/main.go:377.3,377.16 1 1
github.com/thousandflowers/qr-multi-imgs/main.go:378.20,382.46 4 1
github.com/thousandflowers/qr-multi-imgs/main.go:382.46,386.4 3 1
github.com/thousandflowers/qr-multi-imgs/main.go:387.3,388.61 2 1
github.com/thousandflowers/qr-multi-imgs/main.go:389.39,391.16 2 1
github.com/thousandflowers/qr-multi-imgs/main.go:392.20,393.21 1 1
github.com/thousandflowers/qr-multi-imgs/main.go:395.2,395.15 1 1
github.com/thousandflowers/qr-multi-imgs/main.go:400.72,401.18 1 1
github.com/thousandflowers/qr-multi-imgs/main.go:402.17,403.19 1 1
github.com/thousandflowers/qr-multi-imgs/main.go:403.19,405.4 1 1
github.com/thousandflowers/qr-multi-imgs/main.go:406.3,406.16 1 1
github.com/thousandflowers/qr-multi-imgs/main.go:407.19,408.19 1 1
github.com/thousandflowers/qr-multi-imgs/main.go:408.19,410.4 1 1
github.com/thousandflowers/qr-multi-imgs/main.go:411.3,411.16 1 1
github.com/thousandflowers/qr-multi-imgs/main.go:412.20,415.54 3 1
github.com/thousandflowers/qr-multi-imgs/main.go:415.54,419.4 3 1
github.com/thousandflowers/qr-multi-imgs/main.go:420.3,421.46 2 1
github.com/thousandflowers/qr-multi-imgs/main.go:421.46,425.4 3 1
github.com/thousandflowers/qr-multi-imgs/main.go:426.3,427.59 2 1
github.com/thousandflowers/qr-multi-imgs/main.go:428.39,430.16 2 1
github.com/thousandflowers/qr-multi-imgs/main.go:431.20,432.21 1 1
github.com/thousandflowers/qr-multi-imgs/main.go:434.2,434.15 1 1
github.com/thousandflowers/qr-multi-imgs/main.go:439.64,440.18 1 1
github.com/thousandflowers/qr-multi-imgs/main.go:441.35,443.16 2 1
github.com/thousandflowers/qr-multi-imgs/main.go:444.20,445.21 1 1
github.com/thousandflowers/qr-multi-imgs/main.go:447.2,447.15 1 1
github.com/thousandflowers/qr-multi-imgs/main.go:452.30,453.16 1 1
github.com/thousandflowers/qr-multi-imgs/main.go:454.23,455.29 1 1
github.com/thousandflowers/qr-multi-imgs/main.go:456.20,457.26 1 1
github.com/thousandflowers/qr-multi-imgs/main.go:458.19,459.25 1 1
github.com/thousandflowers/qr-multi-imgs/main.go:460.16,461.22 1 1
github.com/thousandflowers/qr-multi-imgs/main.go:462.24,463.30 1 1
github.com/thousandflowers/qr-multi-imgs/main.go:464.20,465.26 1 1
github.com/thousandflowers/qr-multi-imgs/main.go:466.19,467.25 1 1
github.com/thousandflowers/qr-multi-imgs/main.go:468.16,469.22 1 1
github.com/thousandflowers/qr-multi-imgs/main.go:470.17,471.23 1 1
github.com/thousandflowers/qr-multi-imgs/main.go:473.2,473.11 1 1
github.com/thousandflowers/qr-multi-imgs/main.go:476.41,486.2 9 1
github.com/thousandflowers/qr-multi-imgs/main.go:488.38,494.2 5 1
github.com/thousandflowers/qr-multi-imgs/main.go:496.37,497.22 1 1
github.com/thousandflowers/qr-multi-imgs/main.go:497.22,499.3 1 1
github.com/thousandflowers/qr-multi-imgs/main.go:501.2,507.19 6 1
github.com/thousandflowers/qr-multi-imgs/main.go:507.19,509.3 1 1
github.com/thousandflowers/qr-multi-imgs/main.go:511.2,535.30 7 1
github.com/thousandflowers/qr-multi-imgs/main.go:535.30,537.20 2 1
github.com/thousandflowers/qr-multi-imgs/main.go:537.20,539.4 1 1
github.com/thousandflowers/qr-multi-imgs/main.go:540.3,540.52 1 1
github.com/thousandflowers/qr-multi-imgs/main.go:543.2,545.19 3 1
github.com/thousandflowers/qr-multi-imgs/main.go:548.34,555.19 6 1
github.com/thousandflowers/qr-multi-imgs/main.go:555.19,557.3 1 0
github.com/thousandflowers/qr-multi-imgs/main.go:558.2,559.24 2 1
github.com/thousandflowers/qr-multi-imgs/main.go:559.24,561.3 1 1
github.com/thousandflowers/qr-multi-imgs/main.go:563.2,563.39 1 1
github.com/thousandflowers/qr-multi-imgs/main.go:563.39,566.22 3 1
github.com/thousandflowers/qr-multi-imgs/main.go:566.22,568.4 1 1
github.com/thousandflowers/qr-multi-imgs/main.go:570.3,572.15 3 1
github.com/thousandflowers/qr-multi-imgs/main.go:572.15,574.4 1 1
github.com/thousandflowers/qr-multi-imgs/main.go:574.9,574.33 1 1
github.com/thousandflowers/qr-multi-imgs/main.go:574.33,576.4 1 1
github.com/thousandflowers/qr-multi-imgs/main.go:577.3,577.20 1 1
github.com/thousandflowers/qr-multi-imgs/main.go:577.20,580.4 2 1
github.com/thousandflowers/qr-multi-imgs/main.go:582.3,583.54 1 1
github.com/thousandflowers/qr-multi-imgs/main.go:586.2,590.19 3 1
github.com/thousandflowers/qr-multi-imgs/main.go:593.38,601.28 7 1
github.com/thousandflowers/qr-multi-imgs/main.go:601.28,603.20 2 1
github.com/thousandflowers/qr-multi-imgs/main.go:603.20,605.4 1 1
github.com/thousandflowers/qr-multi-imgs/main.go:606.3,606.50 1 1
github.com/thousandflowers/qr-multi-imgs/main.go:609.2,611.19 3 1
github.com/thousandflowers/qr-multi-imgs/main.go:614.42,622.28 7 1
github.com/thousandflowers/qr-multi-imgs/main.go:622.28,624.20 2 1
github.com/thousandflowers/qr-multi-imgs/main.go:624.20,626.4 1 1
github.com/thousandflowers/qr-multi-imgs/main.go:627.3,627.50 1 1
github.com/thousandflowers/qr-multi-imgs/main.go:630.2,632.19 3 1
github.com/thousandflowers/qr-multi-imgs/main.go:635.37,641.2 5 1
github.com/thousandflowers/qr-multi-imgs/main.go:643.34,651.2 7 1
github.com/thousandflowers/qr-multi-imgs/main.go:653.35,661.2 7 1
github.com/thousandflowers/qr-multi-imgs/main.go:665.38,666.24 1 1
github.com/thousandflowers/qr-multi-imgs/main.go:666.24,668.17 2 1
github.com/thousandflowers/qr-multi-imgs/main.go:668.17,670.4 1 1
github.com/thousandflowers/qr-multi-imgs/main.go:671.3,671.28 1 1
github.com/thousandflowers/qr-multi-imgs/main.go:677.50,678.24 1 1
github.com/thousandflowers/qr-multi-imgs/main.go:678.24,681.31 3 1
github.com/thousandflowers/qr-multi-imgs/main.go:681.31,682.32 1 1
github.com/thousandflowers/qr-multi-imgs/main.go:682.32,683.13 1 1
github.com/thousandflowers/qr-multi-imgs/main.go:685.4,685.48 1 1
github.com/thousandflowers/qr-multi-imgs/main.go:685.48,687.5 1 1
github.com/thousandflowers/qr-multi-imgs/main.go:687.10,689.5 1 1
github.com/thousandflowers/qr-multi-imgs/main.go:691.3,692.20 2 1
github.com/thousandflowers/qr-multi-imgs/main.go:692.20,694.4 1 1
github.com/thousandflowers/qr-multi-imgs/main.go:695.3,695.28 1 1
github.com/thousandflowers/qr-multi-imgs/main.go:699.47,700.24 1 1
github.com/thousandflowers/qr-multi-imgs/main.go:700.24,710.31 8 1
github.com/thousandflowers/qr-multi-imgs/main.go:710.31,712.15 2 1
github.com/thousandflowers/qr-multi-imgs/main.go:712.15,714.5 1 1
github.com/thousandflowers/qr-multi-imgs/main.go:716.4,717.47 2 1
github.com/thousandflowers/qr-multi-imgs/main.go:717.47,723.5 3 1
github.com/thousandflowers/qr-multi-imgs/main.go:725.4,725.58 1 1
github.com/thousandflowers/qr-multi-imgs/main.go:725.58,727.5 1 1
github.com/thousandflowers/qr-multi-imgs/main.go:727.10,727.22 1 1
github.com/thousandflowers/qr-multi-imgs/main.go:727.22,729.5 1 1
github.com/thousandflowers/qr-multi-imgs/main.go:729.10,731.5 1 1
github.com/thousandflowers/qr-multi-imgs/main.go:734.3,736.20 2 1
github.com/thousandflowers/qr-multi-imgs/main.go:736.20,738.4 1 1
github.com/thousandflowers/qr-multi-imgs/main.go:739.3,739.28 1 1
github.com/thousandflowers/qr-multi-imgs/main.go:743.61,744.24 1 1
github.com/thousandflowers/qr-multi-imgs/main.go:744.24,752.31 6 1
github.com/thousandflowers/qr-multi-imgs/main.go:752.31,753.40 1 1
github.com/thousandflowers/qr-multi-imgs/main.go:753.40,754.13 1 1
github.com/thousandflowers/qr-multi-imgs/main.go:757.4,757.39 1 1
github.com/thousandflowers/qr-multi-imgs/main.go:757.39,759.23 2 1
github.com/thousandflowers/qr-multi-imgs/main.go:759.23,761.6 1 1
github.com/thousandflowers/qr-multi-imgs/main.go:762.5,762.14 1 1
github.com/thousandflowers/qr-multi-imgs/main.go:762.14,764.6 1 1
github.com/thousandflowers/qr-multi-imgs/main.go:765.5,766.103 2 1
github.com/thousandflowers/qr-multi-imgs/main.go:766.103,768.6 1 1
github.com/thousandflowers/qr-multi-imgs/main.go:768.11,770.6 1 1
github.com/thousandflowers/qr-multi-imgs/main.go:774.3,775.20 2 1
github.com/thousandflowers/qr-multi-imgs/main.go:775.20,777.4 1 1
github.com/thousandflowers/qr-multi-imgs/main.go:778.3,778.28 1 1
github.com/thousandflowers/qr-multi-imgs/main.go:782.63,783.24 1 1
github.com/thousandflowers/qr-multi-imgs/main.go:783.24,786.17 3 1
github.com/thousandflowers/qr-multi-imgs/main.go:786.17,788.4 1 1
github.com/thousandflowers/qr-multi-imgs/main.go:789.3,789.61 1 1
github.com/thousandflowers/qr-multi-imgs/main.go:795.31,796.12 1 1
github.com/thousandflowers/qr-multi-imgs/main.go:796.12,798.3 1 1
github.com/thousandflowers/qr-multi-imgs/main.go:799.2,799.12 1 1
github.com/thousandflowers/qr-multi-imgs/main.go:799.12,801.3 1 1
github.com/thousandflowers/qr-multi-imgs/main.go:802.2,802.10 1 1
github.com/thousandflowers/qr-multi-imgs/main.go:805.39,807.21 2 1
github.com/thousandflowers/qr-multi-imgs/main.go:807.21,809.3 1 1
github.com/thousandflowers/qr-multi-imgs/main.go:810.2,810.34 1 1
github.com/thousandflowers/qr-multi-imgs/main.go:813.39,814.21 1 1
github.com/thousandflowers/qr-multi-imgs/main.go:814.21,816.3 1 1
github.com/thousandflowers/qr-multi-imgs/main.go:817.2,817.42 1 1
github.com/thousandflowers/qr-multi-imgs/main.go:820.52,828.21 4 1
github.com/thousandflowers/qr-multi-imgs/main.go:828.21,830.3 1 1
github.com/thousandflowers/qr-multi-imgs/main.go:831.2,831.29 1 1
github.com/thousandflowers/qr-multi-imgs/main.go:838.13,839.32 1 0
github.com/thousandflowers/qr-multi-imgs/main.go:839.32,840.33 1 0
github.com/thousandflowers/qr-multi-imgs/main.go:840.33,864.4 2 0
github.com/thousandflowers/qr-multi-imgs/main.go:865.3,865.36 1 0
github.com/thousandflowers/qr-multi-imgs/main.go:865.36,868.4 2 0
github.com/thousandflowers/qr-multi-imgs/main.go:871.2,881.66 5 0
github.com/thousandflowers/qr-multi-imgs/main.go:881.66,883.17 2 0
github.com/thousandflowers/qr-multi-imgs/main.go:883.17,884.49 1 0
github.com/thousandflowers/qr-multi-imgs/main.go:884.49,888.5 3 0
github.com/thousandflowers/qr-multi-imgs/main.go:888.10,890.5 1 0
github.com/thousandflowers/qr-multi-imgs/main.go:894.2,894.28 1 0
github.com/thousandflowers/qr-multi-imgs/main.go:894.28,896.3 1 0
github.com/thousandflowers/qr-multi-imgs/main.go:898.2,899.35 2 0
github.com/thousandflowers/qr-multi-imgs/main.go:899.35,902.3 2 0
